// Jest Snapshot v1, https://goo.gl/fbAQLP

exports[`Button matches snapshot 1`] = `
<DocumentFragment>
  <button
    class="button undefined"
  >
    Test Button 
  </button>
</DocumentFragment>
`;
