// Jest Snapshot v1, https://goo.gl/fbAQLP

exports[`LinkButton matches snapshot 1`] = `
<DocumentFragment>
  <a
    class="linkButton undefined"
    href="/home"
  >
    Home 
    <svg
      aria-hidden="true"
      class="MuiSvgIcon-root MuiSvgIcon-fontSizeMedium css-i4bv87-MuiSvgIcon-root"
      data-testid="HomeIcon"
      focusable="false"
      viewBox="0 0 24 24"
    >
      <path
        d="M10 20v-6h4v6h5v-8h3L12 3 2 12h3v8z"
      />
    </svg>
  </a>
</DocumentFragment>
`;
