// Jest Snapshot v1, https://goo.gl/fbAQLP

exports[`ProjectList matches snapshot 1`] = `
<DocumentFragment>
  <section
    class="projectList"
  >
    <a
      class="project"
      href="/projects/project-1"
    >
      <div
        class="imageContainer"
      >
        <img
          alt="Image for Project 1"
          class="image false"
          data-nimg="fill"
          decoding="async"
          loading="lazy"
          sizes="100vw"
          src="/_next/image?url=%2Fpath%2Fto%2Fimage.jpg&w=3840&q=75"
          srcset="/_next/image?url=%2Fpath%2Fto%2Fimage.jpg&w=640&q=75 640w, /_next/image?url=%2Fpath%2Fto%2Fimage.jpg&w=750&q=75 750w, /_next/image?url=%2Fpath%2Fto%2Fimage.jpg&w=828&q=75 828w, /_next/image?url=%2Fpath%2Fto%2Fimage.jpg&w=1080&q=75 1080w, /_next/image?url=%2Fpath%2Fto%2Fimage.jpg&w=1200&q=75 1200w, /_next/image?url=%2Fpath%2Fto%2Fimage.jpg&w=1920&q=75 1920w, /_next/image?url=%2Fpath%2Fto%2Fimage.jpg&w=2048&q=75 2048w, /_next/image?url=%2Fpath%2Fto%2Fimage.jpg&w=3840&q=75 3840w"
          style="position: absolute; height: 100%; width: 100%; left: 0px; top: 0px; right: 0px; bottom: 0px; color: transparent;"
        />
      </div>
      <div
        class="content"
      >
        <h3>
          Project 1
        </h3>
        <p>
          Description 1
        </p>
      </div>
    </a>
    <a
      class="project"
      href="/projects/project-2"
    >
      <div
        class="imageContainer"
      >
        <img
          alt="Image for Project 2"
          class="image false"
          data-nimg="fill"
          decoding="async"
          loading="lazy"
          sizes="100vw"
          src="/_next/image?url=%2Fpath%2Fto%2Fimage.jpg&w=3840&q=75"
          srcset="/_next/image?url=%2Fpath%2Fto%2Fimage.jpg&w=640&q=75 640w, /_next/image?url=%2Fpath%2Fto%2Fimage.jpg&w=750&q=75 750w, /_next/image?url=%2Fpath%2Fto%2Fimage.jpg&w=828&q=75 828w, /_next/image?url=%2Fpath%2Fto%2Fimage.jpg&w=1080&q=75 1080w, /_next/image?url=%2Fpath%2Fto%2Fimage.jpg&w=1200&q=75 1200w, /_next/image?url=%2Fpath%2Fto%2Fimage.jpg&w=1920&q=75 1920w, /_next/image?url=%2Fpath%2Fto%2Fimage.jpg&w=2048&q=75 2048w, /_next/image?url=%2Fpath%2Fto%2Fimage.jpg&w=3840&q=75 3840w"
          style="position: absolute; height: 100%; width: 100%; left: 0px; top: 0px; right: 0px; bottom: 0px; color: transparent;"
        />
      </div>
      <div
        class="content"
      >
        <h3>
          Project 2
        </h3>
        <p>
          Description 2
        </p>
      </div>
    </a>
  </section>
</DocumentFragment>
`;
